Loading weights:   0%|          | 0/259 [00:00<?, ?it/s]Loading weights: 100%|██████████| 259/259 [00:00<00:00, 3972.37it/s]
atomic Copy None
atomic Identity None
atomic Target reconstruction None
atomic Text-rule None
atomic Text-rule + E/D None
atomic Shift 42
chain Shift 42 time_then_person
chain Shift 42 person_then_time
chain Shift 42 time_twice
chain Shift 42 time_return
chain Shift 42 person_return
atomic Shift 43
chain Shift 43 time_then_person
chain Shift 43 person_then_time
chain Shift 43 time_twice
chain Shift 43 time_return
chain Shift 43 person_return
atomic Shift 44
chain Shift 44 time_then_person
chain Shift 44 person_then_time
chain Shift 44 time_twice
chain Shift 44 time_return
chain Shift 44 person_return
atomic LowRank16 42
atomic Wrong-operation 42
chain LowRank16 42 time_then_person
chain LowRank16 42 person_then_time
chain LowRank16 42 time_twice
chain LowRank16 42 time_return
chain LowRank16 42 person_return
atomic LowRank16 43
atomic Wrong-operation 43
chain LowRank16 43 time_then_person
chain LowRank16 43 person_then_time
chain LowRank16 43 time_twice
chain LowRank16 43 time_return
chain LowRank16 43 person_return
atomic LowRank16 44
atomic Wrong-operation 44
chain LowRank16 44 time_then_person
chain LowRank16 44 person_then_time
chain LowRank16 44 time_twice
chain LowRank16 44 time_return
chain LowRank16 44 person_return
