Loading weights:   0%|          | 0/259 [00:00<?, ?it/s]Loading weights: 100%|██████████| 259/259 [00:00<00:00, 6697.65it/s]
generated Target reconstruction latent_chain target_reconstruction T_plus_first
generated Target reconstruction latent_chain target_reconstruction T_plus_third
generated Target reconstruction latent_chain target_reconstruction T_minus_first
generated Target reconstruction latent_chain target_reconstruction T_minus_third
generated Target reconstruction latent_chain target_reconstruction P_13_first
generated Target reconstruction latent_chain target_reconstruction P_31_third
generated Target reconstruction latent_chain target_reconstruction plus_plus
generated Target reconstruction latent_chain target_reconstruction minus_minus
generated Target reconstruction latent_chain target_reconstruction plus_minus
generated Target reconstruction latent_chain target_reconstruction minus_plus
generated Target reconstruction latent_chain target_reconstruction plus_person
generated Target reconstruction latent_chain target_reconstruction person_plus
generated Target reconstruction latent_chain target_reconstruction person_return
generated Target reconstruction latent_chain target_reconstruction plus3
generated Target reconstruction latent_chain target_reconstruction minus3
generated Reconstruction decode_reencode reconstruction_only plus_plus
generated Reconstruction decode_reencode reconstruction_only minus_minus
generated Reconstruction decode_reencode reconstruction_only plus_minus
generated Reconstruction decode_reencode reconstruction_only minus_plus
generated Reconstruction decode_reencode reconstruction_only plus_person
generated Reconstruction decode_reencode reconstruction_only person_plus
generated Reconstruction decode_reencode reconstruction_only person_return
generated Reconstruction decode_reencode reconstruction_only plus3
generated Reconstruction decode_reencode reconstruction_only minus3
generated G0 latent_chain ordinary T_plus_first
generated G0 latent_chain ordinary T_plus_third
generated G0 latent_chain ordinary T_minus_first
generated G0 latent_chain ordinary T_minus_third
generated G0 latent_chain ordinary P_13_first
generated G0 latent_chain ordinary P_31_third
generated G0 latent_chain ordinary plus_plus
generated G0 latent_chain ordinary minus_minus
generated G0 latent_chain ordinary plus_minus
generated G0 latent_chain ordinary minus_plus
generated G0 latent_chain ordinary plus_person
generated G0 latent_chain ordinary person_plus
generated G0 latent_chain ordinary person_return
generated G0 latent_chain ordinary plus3
generated G0 latent_chain ordinary minus3
generated G0 decode_reencode ordinary plus_plus
generated G0 decode_reencode ordinary minus_minus
generated G0 decode_reencode ordinary plus_minus
generated G0 decode_reencode ordinary minus_plus
generated G0 decode_reencode ordinary plus_person
generated G0 decode_reencode ordinary person_plus
generated G0 decode_reencode ordinary person_return
generated G0 decode_reencode ordinary plus3
generated G0 decode_reencode ordinary minus3
generated G0 latent_chain extended_atomic T_plus_extended_first
generated G0 latent_chain extended_atomic T_plus_extended_third
generated G0 latent_chain extended_atomic T_minus_extended_first
generated G0 latent_chain extended_atomic T_minus_extended_third
generated G1 latent_chain ordinary T_plus_first
generated G1 latent_chain ordinary T_plus_third
generated G1 latent_chain ordinary T_minus_first
generated G1 latent_chain ordinary T_minus_third
generated G1 latent_chain ordinary P_13_first
generated G1 latent_chain ordinary P_31_third
generated G1 latent_chain ordinary plus_plus
generated G1 latent_chain ordinary minus_minus
generated G1 latent_chain ordinary plus_minus
generated G1 latent_chain ordinary minus_plus
generated G1 latent_chain ordinary plus_person
generated G1 latent_chain ordinary person_plus
generated G1 latent_chain ordinary person_return
generated G1 latent_chain ordinary plus3
generated G1 latent_chain ordinary minus3
generated G1 decode_reencode ordinary plus_plus
generated G1 decode_reencode ordinary minus_minus
generated G1 decode_reencode ordinary plus_minus
generated G1 decode_reencode ordinary minus_plus
generated G1 decode_reencode ordinary plus_person
generated G1 decode_reencode ordinary person_plus
generated G1 decode_reencode ordinary person_return
generated G1 decode_reencode ordinary plus3
generated G1 decode_reencode ordinary minus3
generated G1 latent_chain extended_atomic T_plus_extended_first
generated G1 latent_chain extended_atomic T_plus_extended_third
generated G1 latent_chain extended_atomic T_minus_extended_first
generated G1 latent_chain extended_atomic T_minus_extended_third
generated G2 latent_chain ordinary T_plus_first
generated G2 latent_chain ordinary T_plus_third
generated G2 latent_chain ordinary T_minus_first
generated G2 latent_chain ordinary T_minus_third
generated G2 latent_chain ordinary P_13_first
generated G2 latent_chain ordinary P_31_third
generated G2 latent_chain ordinary plus_plus
generated G2 latent_chain ordinary minus_minus
generated G2 latent_chain ordinary plus_minus
generated G2 latent_chain ordinary minus_plus
generated G2 latent_chain ordinary plus_person
generated G2 latent_chain ordinary person_plus
generated G2 latent_chain ordinary person_return
generated G2 latent_chain ordinary plus3
generated G2 latent_chain ordinary minus3
generated G2 decode_reencode ordinary plus_plus
generated G2 decode_reencode ordinary minus_minus
generated G2 decode_reencode ordinary plus_minus
generated G2 decode_reencode ordinary minus_plus
generated G2 decode_reencode ordinary plus_person
generated G2 decode_reencode ordinary person_plus
generated G2 decode_reencode ordinary person_return
generated G2 decode_reencode ordinary plus3
generated G2 decode_reencode ordinary minus3
generated G2 latent_chain extended_atomic T_plus_extended_first
generated G2 latent_chain extended_atomic T_plus_extended_third
generated G2 latent_chain extended_atomic T_minus_extended_first
generated G2 latent_chain extended_atomic T_minus_extended_third
