Loading weights:   0%|          | 0/259 [00:00<?, ?it/s]Loading weights: 100%|██████████| 259/259 [00:00<00:00, 7748.72it/s]
G1 100 0.047851584264978646
G1 200 0.024098177464007192
G1 300 0.008680220919444962
G1 400 0.005360829244890877
G1 500 0.0021692642415270177
G1 600 0.0011052559665627585
generated G1 latent_chain ordinary T_plus_first
generated G1 latent_chain ordinary T_plus_third
generated G1 latent_chain ordinary T_minus_first
generated G1 latent_chain ordinary T_minus_third
generated G1 latent_chain ordinary P_13_first
generated G1 latent_chain ordinary P_31_third
generated G1 latent_chain ordinary plus_plus
generated G1 latent_chain ordinary minus_minus
generated G1 latent_chain ordinary plus_minus
generated G1 latent_chain ordinary minus_plus
generated G1 decode_reencode ordinary plus_plus
generated G1 decode_reencode ordinary minus_minus
generated G1 decode_reencode ordinary plus_minus
generated G1 decode_reencode ordinary minus_plus
C_GATE True 1.0 {'plus_plus': 1.0, 'minus_minus': 1.0, 'plus_minus': 1.0, 'minus_plus': 0.95} 0.0
