{
  "B": [
    {
      "context": "independent",
      "lambda": "0",
      "path": "latent_once",
      "n": 100,
      "joint_n": 2,
      "Joint_auto": 0.02,
      "content_auto": 0.08,
      "valid_auto": 1.0,
      "attribute_auto": 0.38,
      "reference_chrf": 56.5931771626099,
      "entities_preserved_auto": 0.79,
      "numbers_preserved_auto": 0.85,
      "dates_preserved_auto": 0.93,
      "negation_preserved_auto": 0.91,
      "exact_reference": 0.02,
      "generation_failures": 0,
      "future_auto": 0.38,
      "passive_auto": 0.49,
      "target_memory_error_offline": 2.0967824065685274,
      "target_memory_error_offline_n": 100,
      "reencode_memory_error_offline": 2.1800218361616133,
      "reencode_memory_error_offline_n": 100,
      "additional_content_drop_pp": 24.0
    },
    {
      "context": "independent",
      "lambda": "0",
      "path": "decode_reencode",
      "n": 100,
      "joint_n": 26,
      "Joint_auto": 0.26,
      "content_auto": 0.29,
      "valid_auto": 1.0,
      "attribute_auto": 0.97,
      "reference_chrf": 87.12252888564726,
      "entities_preserved_auto": 0.86,
      "numbers_preserved_auto": 0.97,
      "dates_preserved_auto": 0.93,
      "negation_preserved_auto": 0.95,
      "exact_reference": 0.42,
      "generation_failures": 0,
      "future_auto": 0.97,
      "passive_auto": 0.88,
      "target_memory_error_offline": 0.8726108852028847,
      "target_memory_error_offline_n": 100,
      "reencode_memory_error_offline": 0.5197849488258361,
      "reencode_memory_error_offline_n": 100,
      "additional_content_drop_pp": 3.0000000000000027
    },
    {
      "context": "independent",
      "lambda": "0",
      "path": "single_passive",
      "n": 100,
      "joint_n": 0,
      "Joint_auto": 0.0,
      "content_auto": 0.32,
      "valid_auto": 1.0,
      "attribute_auto": 0.02,
      "reference_chrf": 75.10162358385338,
      "entities_preserved_auto": 0.86,
      "numbers_preserved_auto": 0.97,
      "dates_preserved_auto": 0.93,
      "negation_preserved_auto": 0.97,
      "exact_reference": 0.0,
      "generation_failures": 0,
      "future_auto": 0.02,
      "passive_auto": 0.89,
      "target_memory_error_offline": null,
      "target_memory_error_offline_n": 0,
      "reencode_memory_error_offline": 1.718156116604805,
      "reencode_memory_error_offline_n": 100,
      "additional_content_drop_pp": 0.0
    },
    {
      "context": "independent",
      "lambda": "0.1",
      "path": "latent_once",
      "n": 100,
      "joint_n": 9,
      "Joint_auto": 0.09,
      "content_auto": 0.13,
      "valid_auto": 1.0,
      "attribute_auto": 0.68,
      "reference_chrf": 68.17819843202393,
      "entities_preserved_auto": 0.83,
      "numbers_preserved_auto": 0.92,
      "dates_preserved_auto": 0.92,
      "negation_preserved_auto": 0.92,
      "exact_reference": 0.13,
      "generation_failures": 0,
      "future_auto": 0.68,
      "passive_auto": 0.64,
      "target_memory_error_offline": 1.5628209275007248,
      "target_memory_error_offline_n": 100,
      "reencode_memory_error_offline": 1.574249592423439,
      "reencode_memory_error_offline_n": 100,
      "additional_content_drop_pp": 20.0
    },
    {
      "context": "independent",
      "lambda": "0.1",
      "path": "decode_reencode",
      "n": 100,
      "joint_n": 26,
      "Joint_auto": 0.26,
      "content_auto": 0.3,
      "valid_auto": 1.0,
      "attribute_auto": 0.96,
      "reference_chrf": 85.85081412402042,
      "entities_preserved_auto": 0.83,
      "numbers_preserved_auto": 0.98,
      "dates_preserved_auto": 0.93,
      "negation_preserved_auto": 0.95,
      "exact_reference": 0.42,
      "generation_failures": 0,
      "future_auto": 0.96,
      "passive_auto": 0.86,
      "target_memory_error_offline": 0.7102563041448593,
      "target_memory_error_offline_n": 100,
      "reencode_memory_error_offline": 0.30176033832132815,
      "reencode_memory_error_offline_n": 100,
      "additional_content_drop_pp": 3.0000000000000027
    },
    {
      "context": "independent",
      "lambda": "0.1",
      "path": "single_passive",
      "n": 100,
      "joint_n": 0,
      "Joint_auto": 0.0,
      "content_auto": 0.33,
      "valid_auto": 1.0,
      "attribute_auto": 0.02,
      "reference_chrf": 73.7667221553524,
      "entities_preserved_auto": 0.83,
      "numbers_preserved_auto": 0.98,
      "dates_preserved_auto": 0.93,
      "negation_preserved_auto": 0.98,
      "exact_reference": 0.0,
      "generation_failures": 0,
      "future_auto": 0.02,
      "passive_auto": 0.86,
      "target_memory_error_offline": null,
      "target_memory_error_offline_n": 0,
      "reencode_memory_error_offline": 1.3519196443259716,
      "reencode_memory_error_offline_n": 100,
      "additional_content_drop_pp": 0.0
    },
    {
      "context": "seen_combo",
      "lambda": "0",
      "path": "latent_once",
      "n": 100,
      "joint_n": 15,
      "Joint_auto": 0.15,
      "content_auto": 0.25,
      "valid_auto": 1.0,
      "attribute_auto": 0.75,
      "reference_chrf": 81.7793253519021,
      "entities_preserved_auto": 0.83,
      "numbers_preserved_auto": 0.96,
      "dates_preserved_auto": 0.94,
      "negation_preserved_auto": 0.93,
      "exact_reference": 0.24,
      "generation_failures": 0,
      "future_auto": 0.75,
      "passive_auto": 0.89,
      "target_memory_error_offline": 2.090713391304016,
      "target_memory_error_offline_n": 100,
      "reencode_memory_error_offline": 2.0593273735046385,
      "reencode_memory_error_offline_n": 100,
      "additional_content_drop_pp": 6.0
    },
    {
      "context": "seen_combo",
      "lambda": "0",
      "path": "decode_reencode",
      "n": 100,
      "joint_n": 27,
      "Joint_auto": 0.27,
      "content_auto": 0.3,
      "valid_auto": 1.0,
      "attribute_auto": 0.97,
      "reference_chrf": 88.93337309378897,
      "entities_preserved_auto": 0.86,
      "numbers_preserved_auto": 0.96,
      "dates_preserved_auto": 0.91,
      "negation_preserved_auto": 0.95,
      "exact_reference": 0.49,
      "generation_failures": 0,
      "future_auto": 0.97,
      "passive_auto": 0.91,
      "target_memory_error_offline": 0.8387375867366791,
      "target_memory_error_offline_n": 100,
      "reencode_memory_error_offline": 0.520997100174427,
      "reencode_memory_error_offline_n": 100,
      "additional_content_drop_pp": 1.0000000000000009
    },
    {
      "context": "seen_combo",
      "lambda": "0",
      "path": "single_passive",
      "n": 100,
      "joint_n": 1,
      "Joint_auto": 0.01,
      "content_auto": 0.31,
      "valid_auto": 1.0,
      "attribute_auto": 0.02,
      "reference_chrf": 75.91386460032756,
      "entities_preserved_auto": 0.86,
      "numbers_preserved_auto": 0.96,
      "dates_preserved_auto": 0.91,
      "negation_preserved_auto": 0.96,
      "exact_reference": 0.0,
      "generation_failures": 0,
      "future_auto": 0.02,
      "passive_auto": 0.92,
      "target_memory_error_offline": null,
      "target_memory_error_offline_n": 0,
      "reencode_memory_error_offline": 1.7285613864660263,
      "reencode_memory_error_offline_n": 100,
      "additional_content_drop_pp": 0.0
    },
    {
      "context": "seen_combo",
      "lambda": "0.1",
      "path": "latent_once",
      "n": 100,
      "joint_n": 8,
      "Joint_auto": 0.08,
      "content_auto": 0.15,
      "valid_auto": 1.0,
      "attribute_auto": 0.78,
      "reference_chrf": 79.66022865341259,
      "entities_preserved_auto": 0.81,
      "numbers_preserved_auto": 0.95,
      "dates_preserved_auto": 0.93,
      "negation_preserved_auto": 0.93,
      "exact_reference": 0.21,
      "generation_failures": 0,
      "future_auto": 0.78,
      "passive_auto": 0.95,
      "target_memory_error_offline": 1.4707237040996552,
      "target_memory_error_offline_n": 100,
      "reencode_memory_error_offline": 1.3932785761356354,
      "reencode_memory_error_offline_n": 100,
      "additional_content_drop_pp": 18.000000000000004
    },
    {
      "context": "seen_combo",
      "lambda": "0.1",
      "path": "decode_reencode",
      "n": 100,
      "joint_n": 26,
      "Joint_auto": 0.26,
      "content_auto": 0.28,
      "valid_auto": 1.0,
      "attribute_auto": 0.97,
      "reference_chrf": 88.0353257877467,
      "entities_preserved_auto": 0.87,
      "numbers_preserved_auto": 0.96,
      "dates_preserved_auto": 0.91,
      "negation_preserved_auto": 0.92,
      "exact_reference": 0.47,
      "generation_failures": 0,
      "future_auto": 0.97,
      "passive_auto": 0.88,
      "target_memory_error_offline": 0.6765546767413616,
      "target_memory_error_offline_n": 100,
      "reencode_memory_error_offline": 0.3486528067290783,
      "reencode_memory_error_offline_n": 100,
      "additional_content_drop_pp": 4.999999999999999
    },
    {
      "context": "seen_combo",
      "lambda": "0.1",
      "path": "single_passive",
      "n": 100,
      "joint_n": 1,
      "Joint_auto": 0.01,
      "content_auto": 0.33,
      "valid_auto": 1.0,
      "attribute_auto": 0.02,
      "reference_chrf": 74.87858400136268,
      "entities_preserved_auto": 0.87,
      "numbers_preserved_auto": 0.96,
      "dates_preserved_auto": 0.91,
      "negation_preserved_auto": 0.96,
      "exact_reference": 0.0,
      "generation_failures": 0,
      "future_auto": 0.02,
      "passive_auto": 0.9,
      "target_memory_error_offline": null,
      "target_memory_error_offline_n": 0,
      "reencode_memory_error_offline": 1.2275431123375893,
      "reencode_memory_error_offline_n": 100,
      "additional_content_drop_pp": 0.0
    }
  ],
  "B_stats": {
    "independent_latent_once": {
      "Joint_auto": {
        "difference_pp": 7.000000000000001,
        "CI95_pp": [
          2.0,
          13.0
        ],
        "n_sources": 100,
        "replicates": 2000
      },
      "content_auto": {
        "difference_pp": 5.0,
        "CI95_pp": [
          -1.0,
          12.0
        ],
        "n_sources": 100,
        "replicates": 2000
      },
      "future_auto": {
        "difference_pp": 30.0,
        "CI95_pp": [
          21.0,
          39.0
        ],
        "n_sources": 100,
        "replicates": 2000
      },
      "passive_auto": {
        "difference_pp": 15.0,
        "CI95_pp": [
          4.0,
          26.0
        ],
        "n_sources": 100,
        "replicates": 2000
      }
    },
    "independent_decode_reencode": {
      "Joint_auto": {
        "difference_pp": 0.0,
        "CI95_pp": [
          -6.0,
          6.0
        ],
        "n_sources": 100,
        "replicates": 2000
      },
      "content_auto": {
        "difference_pp": 1.0,
        "CI95_pp": [
          -5.0,
          7.000000000000001
        ],
        "n_sources": 100,
        "replicates": 2000
      },
      "future_auto": {
        "difference_pp": -1.0,
        "CI95_pp": [
          -6.0,
          3.0
        ],
        "n_sources": 100,
        "replicates": 2000
      },
      "passive_auto": {
        "difference_pp": -2.0,
        "CI95_pp": [
          -7.0249999999999995,
          4.0
        ],
        "n_sources": 100,
        "replicates": 2000
      }
    },
    "seen_combo_latent_once": {
      "Joint_auto": {
        "difference_pp": -7.000000000000001,
        "CI95_pp": [
          -14.000000000000002,
          -1.0
        ],
        "n_sources": 100,
        "replicates": 2000
      },
      "content_auto": {
        "difference_pp": -10.0,
        "CI95_pp": [
          -18.0,
          -2.0
        ],
        "n_sources": 100,
        "replicates": 2000
      },
      "future_auto": {
        "difference_pp": 3.0,
        "CI95_pp": [
          -5.0,
          11.0
        ],
        "n_sources": 100,
        "replicates": 2000
      },
      "passive_auto": {
        "difference_pp": 6.0,
        "CI95_pp": [
          0.0,
          12.0
        ],
        "n_sources": 100,
        "replicates": 2000
      }
    },
    "seen_combo_decode_reencode": {
      "Joint_auto": {
        "difference_pp": -1.0,
        "CI95_pp": [
          -7.000000000000001,
          6.0
        ],
        "n_sources": 100,
        "replicates": 2000
      },
      "content_auto": {
        "difference_pp": -2.0,
        "CI95_pp": [
          -8.024999999999999,
          5.0
        ],
        "n_sources": 100,
        "replicates": 2000
      },
      "future_auto": {
        "difference_pp": 0.0,
        "CI95_pp": [
          -3.0,
          3.0
        ],
        "n_sources": 100,
        "replicates": 2000
      },
      "passive_auto": {
        "difference_pp": -3.0,
        "CI95_pp": [
          -10.0,
          3.0
        ],
        "n_sources": 100,
        "replicates": 2000
      }
    }
  },
  "A": [
    {
      "method": "shift_1000",
      "seed": 42,
      "n": 364,
      "joint_n": 246,
      "Joint_auto": 0.6758241758241759,
      "content_auto": 0.717032967032967,
      "valid_auto": 1.0,
      "attribute_auto": 0.9395604395604396,
      "reference_chrf": 93.9138920237125,
      "entities_preserved_auto": 0.9807692307692307,
      "numbers_preserved_auto": 0.9972527472527473,
      "dates_preserved_auto": 0.9917582417582418,
      "negation_preserved_auto": 0.9532967032967034,
      "exact_reference": 0.6098901098901099,
      "generation_failures": 0
    },
    {
      "method": "shift_1000",
      "seed": 43,
      "n": 364,
      "joint_n": 248,
      "Joint_auto": 0.6813186813186813,
      "content_auto": 0.7225274725274725,
      "valid_auto": 1.0,
      "attribute_auto": 0.9340659340659341,
      "reference_chrf": 94.10180628311504,
      "entities_preserved_auto": 0.9835164835164835,
      "numbers_preserved_auto": 0.9972527472527473,
      "dates_preserved_auto": 0.9917582417582418,
      "negation_preserved_auto": 0.9560439560439561,
      "exact_reference": 0.6071428571428571,
      "generation_failures": 0
    },
    {
      "method": "shift_1000",
      "seed": 44,
      "n": 364,
      "joint_n": 246,
      "Joint_auto": 0.6758241758241759,
      "content_auto": 0.7115384615384616,
      "valid_auto": 1.0,
      "attribute_auto": 0.9395604395604396,
      "reference_chrf": 94.32862954761372,
      "entities_preserved_auto": 0.9835164835164835,
      "numbers_preserved_auto": 0.9972527472527473,
      "dates_preserved_auto": 0.9917582417582418,
      "negation_preserved_auto": 0.9560439560439561,
      "exact_reference": 0.6126373626373627,
      "generation_failures": 0
    },
    {
      "method": "shift_extended",
      "seed": 42,
      "n": 364,
      "joint_n": 269,
      "Joint_auto": 0.739010989010989,
      "content_auto": 0.771978021978022,
      "valid_auto": 1.0,
      "attribute_auto": 0.9587912087912088,
      "reference_chrf": 95.75284407870248,
      "entities_preserved_auto": 0.989010989010989,
      "numbers_preserved_auto": 0.9972527472527473,
      "dates_preserved_auto": 0.9945054945054945,
      "negation_preserved_auto": 0.9587912087912088,
      "exact_reference": 0.6978021978021978,
      "generation_failures": 0
    },
    {
      "method": "shift_extended",
      "seed": 43,
      "n": 364,
      "joint_n": 270,
      "Joint_auto": 0.7417582417582418,
      "content_auto": 0.7664835164835165,
      "valid_auto": 1.0,
      "attribute_auto": 0.967032967032967,
      "reference_chrf": 95.71997328158025,
      "entities_preserved_auto": 0.9862637362637363,
      "numbers_preserved_auto": 0.9972527472527473,
      "dates_preserved_auto": 0.9945054945054945,
      "negation_preserved_auto": 0.9505494505494505,
      "exact_reference": 0.6978021978021978,
      "generation_failures": 0
    },
    {
      "method": "shift_extended",
      "seed": 44,
      "n": 364,
      "joint_n": 265,
      "Joint_auto": 0.728021978021978,
      "content_auto": 0.760989010989011,
      "valid_auto": 1.0,
      "attribute_auto": 0.9615384615384616,
      "reference_chrf": 95.69672427036006,
      "entities_preserved_auto": 0.989010989010989,
      "numbers_preserved_auto": 0.9945054945054945,
      "dates_preserved_auto": 0.989010989010989,
      "negation_preserved_auto": 0.9587912087912088,
      "exact_reference": 0.6895604395604396,
      "generation_failures": 0
    },
    {
      "method": "lowrank_1000_budget",
      "seed": 42,
      "n": 364,
      "joint_n": 300,
      "Joint_auto": 0.8241758241758241,
      "content_auto": 0.8434065934065934,
      "valid_auto": 1.0,
      "attribute_auto": 0.9642857142857143,
      "reference_chrf": 98.97613759273268,
      "entities_preserved_auto": 0.989010989010989,
      "numbers_preserved_auto": 0.9972527472527473,
      "dates_preserved_auto": 0.9945054945054945,
      "negation_preserved_auto": 0.9423076923076923,
      "exact_reference": 0.8956043956043956,
      "generation_failures": 0
    },
    {
      "method": "lowrank_1000_budget",
      "seed": 43,
      "n": 364,
      "joint_n": 302,
      "Joint_auto": 0.8296703296703297,
      "content_auto": 0.8351648351648352,
      "valid_auto": 1.0,
      "attribute_auto": 0.9835164835164835,
      "reference_chrf": 98.7607035514557,
      "entities_preserved_auto": 0.989010989010989,
      "numbers_preserved_auto": 0.9972527472527473,
      "dates_preserved_auto": 0.9945054945054945,
      "negation_preserved_auto": 0.9423076923076923,
      "exact_reference": 0.8791208791208791,
      "generation_failures": 0
    },
    {
      "method": "lowrank_1000_budget",
      "seed": 44,
      "n": 364,
      "joint_n": 297,
      "Joint_auto": 0.8159340659340659,
      "content_auto": 0.8241758241758241,
      "valid_auto": 1.0,
      "attribute_auto": 0.9725274725274725,
      "reference_chrf": 98.7421895388979,
      "entities_preserved_auto": 0.9917582417582418,
      "numbers_preserved_auto": 0.9972527472527473,
      "dates_preserved_auto": 0.9945054945054945,
      "negation_preserved_auto": 0.9423076923076923,
      "exact_reference": 0.9010989010989011,
      "generation_failures": 0
    }
  ],
  "A_stats": {
    "shift_extended_minus_shift_1000": {
      "Joint_auto": {
        "difference_pp": 5.860805860805861,
        "CI95_pp": [
          3.021978021978022,
          8.699633699633699
        ],
        "n_sources": 364,
        "replicates": 2000,
        "per_seed_difference_pp": [
          6.318681318681318,
          6.043956043956044,
          5.21978021978022
        ]
      },
      "content_auto": {
        "difference_pp": 4.945054945054945,
        "CI95_pp": [
          2.0123626373626373,
          7.875457875457875
        ],
        "n_sources": 364,
        "replicates": 2000,
        "per_seed_difference_pp": [
          5.4945054945054945,
          4.395604395604396,
          4.945054945054945
        ]
      },
      "attribute_auto": {
        "difference_pp": 2.4725274725274726,
        "CI95_pp": [
          0.5494505494505496,
          4.395604395604396
        ],
        "n_sources": 364,
        "replicates": 2000,
        "per_seed_difference_pp": [
          1.9230769230769231,
          3.296703296703297,
          2.197802197802198
        ]
      }
    },
    "lowrank_1000_budget_minus_shift_1000": {
      "Joint_auto": {
        "difference_pp": 14.560439560439562,
        "CI95_pp": [
          10.531135531135531,
          18.592032967032953
        ],
        "n_sources": 364,
        "replicates": 2000,
        "per_seed_difference_pp": [
          14.835164835164836,
          14.835164835164836,
          14.010989010989011
        ]
      },
      "content_auto": {
        "difference_pp": 11.72161172161172,
        "CI95_pp": [
          7.781593406593406,
          15.842490842490845
        ],
        "n_sources": 364,
        "replicates": 2000,
        "per_seed_difference_pp": [
          12.637362637362637,
          11.263736263736265,
          11.263736263736265
        ]
      },
      "attribute_auto": {
        "difference_pp": 3.571428571428571,
        "CI95_pp": [
          1.1904761904761907,
          5.952380952380952
        ],
        "n_sources": 364,
        "replicates": 2000,
        "per_seed_difference_pp": [
          2.4725274725274726,
          4.945054945054945,
          3.296703296703297
        ]
      }
    },
    "lowrank_1000_budget_minus_shift_extended": {
      "Joint_auto": {
        "difference_pp": 8.699633699633699,
        "CI95_pp": [
          5.6753663003663,
          11.904761904761903
        ],
        "n_sources": 364,
        "replicates": 2000,
        "per_seed_difference_pp": [
          8.516483516483516,
          8.791208791208792,
          8.791208791208792
        ]
      },
      "content_auto": {
        "difference_pp": 6.7765567765567765,
        "CI95_pp": [
          3.47985347985348,
          10.43956043956044
        ],
        "n_sources": 364,
        "replicates": 2000,
        "per_seed_difference_pp": [
          7.142857142857142,
          6.868131868131869,
          6.318681318681318
        ]
      },
      "attribute_auto": {
        "difference_pp": 1.0989010989010988,
        "CI95_pp": [
          -0.6433150183150184,
          2.9304029304029298
        ],
        "n_sources": 364,
        "replicates": 2000,
        "per_seed_difference_pp": [
          0.5494505494505495,
          1.6483516483516485,
          1.098901098901099
        ]
      }
    }
  }
}
