Loading weights:   0%|          | 0/259 [00:00<?, ?it/s]Loading weights: 100%|██████████| 259/259 [00:00<00:00, 4365.96it/s]
Traceback (most recent call last):
  File "/dataset1/zailong/workspace/encrypted_semantic_editing_pilot/experiments/g10_matched_editor_composability_v1/screen.py", line 41, in <module>
    if __name__=='__main__':main()
                            ^^^^^^
  File "/dataset1/zailong/envs/peft-sft-lab/lib/python3.12/site-packages/torch/utils/_contextlib.py", line 124, in decorate_context
    return func(*args, **kwargs)
           ^^^^^^^^^^^^^^^^^^^^^
  File "/dataset1/zailong/workspace/encrypted_semantic_editing_pilot/experiments/g10_matched_editor_composability_v1/screen.py", line 16, in main
    base=Backbone('BART');match=read('data/match_iid.jsonl')+read('data/match_template_ood.jsonl');outs=[];summary=[]
                                ^^^^^^^^^^^^^^^^^^^^^^^^^^^^
  File "/dataset1/zailong/workspace/encrypted_semantic_editing_pilot/experiments/g10_matched_editor_composability_v1/g10_common.py", line 14, in read
    def read(path):return [json.loads(x) for x in Path(path).read_text().splitlines() if x]
                                                  ^^^^^^^^^^^^^^^^^^^^^^
  File "/usr/lib/python3.12/pathlib.py", line 1029, in read_text
    with self.open(mode='r', encoding=encoding, errors=errors) as f:
         ^^^^^^^^^^^^^^^^^^^^^^^^^^^^^^^^^^^^^^^^^^^^^^^^^^^^^
  File "/usr/lib/python3.12/pathlib.py", line 1015, in open
    return io.open(self, mode, buffering, encoding, errors, newline)
           ^^^^^^^^^^^^^^^^^^^^^^^^^^^^^^^^^^^^^^^^^^^^^^^^^^^^^^^^^
FileNotFoundError: [Errno 2] No such file or directory: 'data/match_iid.jsonl'
srun: error: node02: task 0: Exited with exit code 1
