Loading weights:   0%|          | 0/259 [00:00<?, ?it/s]Loading weights: 100%|██████████| 259/259 [00:00<00:00, 4264.70it/s]
features 0 / 8000
features 512 / 8000
features 1024 / 8000
features 1536 / 8000
features 2048 / 8000
features 2560 / 8000
features 3072 / 8000
features 3584 / 8000
features 4096 / 8000
features 4608 / 8000
features 5120 / 8000
features 5632 / 8000
features 6144 / 8000
features 6656 / 8000
features 7168 / 8000
features 7680 / 8000
features 0 / 1330
features 512 / 1330
features 1024 / 1330
features 0 / 2120
features 512 / 2120
features 1024 / 2120
features 1536 / 2120
features 2048 / 2120
evaluated G3 test_iid plus_chain 8 / 53
evaluated G3 test_iid plus_chain 16 / 53
evaluated G3 test_iid plus_chain 24 / 53
evaluated G3 test_iid plus_chain 32 / 53
evaluated G3 test_iid plus_chain 40 / 53
evaluated G3 test_iid plus_chain 48 / 53
evaluated G3 test_iid plus_chain 53 / 53
evaluated G3 test_iid plus_minus 8 / 53
evaluated G3 test_iid plus_minus 16 / 53
evaluated G3 test_iid plus_minus 24 / 53
evaluated G3 test_iid plus_minus 32 / 53
evaluated G3 test_iid plus_minus 40 / 53
evaluated G3 test_iid plus_minus 48 / 53
evaluated G3 test_iid plus_minus 53 / 53
evaluated G3 test_iid minus_plus 8 / 53
evaluated G3 test_iid minus_plus 16 / 53
evaluated G3 test_iid minus_plus 24 / 53
evaluated G3 test_iid minus_plus 32 / 53
evaluated G3 test_iid minus_plus 40 / 53
evaluated G3 test_iid minus_plus 48 / 53
evaluated G3 test_iid minus_plus 53 / 53
evaluated G3 test_iid plus_person 8 / 53
evaluated G3 test_iid plus_person 16 / 53
evaluated G3 test_iid plus_person 24 / 53
evaluated G3 test_iid plus_person 32 / 53
evaluated G3 test_iid plus_person 40 / 53
evaluated G3 test_iid plus_person 48 / 53
evaluated G3 test_iid plus_person 53 / 53
evaluated G3 test_iid person_plus 8 / 53
evaluated G3 test_iid person_plus 16 / 53
evaluated G3 test_iid person_plus 24 / 53
evaluated G3 test_iid person_plus 32 / 53
evaluated G3 test_iid person_plus 40 / 53
evaluated G3 test_iid person_plus 48 / 53
evaluated G3 test_iid person_plus 53 / 53
evaluated G3 test_iid plus_plus_person 8 / 53
evaluated G3 test_iid plus_plus_person 16 / 53
evaluated G3 test_iid plus_plus_person 24 / 53
evaluated G3 test_iid plus_plus_person 32 / 53
evaluated G3 test_iid plus_plus_person 40 / 53
evaluated G3 test_iid plus_plus_person 48 / 53
evaluated G3 test_iid plus_plus_person 53 / 53
evaluated G3 test_template_ood plus_chain 8 / 53
evaluated G3 test_template_ood plus_chain 16 / 53
evaluated G3 test_template_ood plus_chain 24 / 53
evaluated G3 test_template_ood plus_chain 32 / 53
evaluated G3 test_template_ood plus_chain 40 / 53
evaluated G3 test_template_ood plus_chain 48 / 53
evaluated G3 test_template_ood plus_chain 53 / 53
evaluated G3 test_template_ood plus_minus 8 / 53
evaluated G3 test_template_ood plus_minus 16 / 53
evaluated G3 test_template_ood plus_minus 24 / 53
evaluated G3 test_template_ood plus_minus 32 / 53
evaluated G3 test_template_ood plus_minus 40 / 53
evaluated G3 test_template_ood plus_minus 48 / 53
evaluated G3 test_template_ood plus_minus 53 / 53
evaluated G3 test_template_ood minus_plus 8 / 53
evaluated G3 test_template_ood minus_plus 16 / 53
evaluated G3 test_template_ood minus_plus 24 / 53
evaluated G3 test_template_ood minus_plus 32 / 53
evaluated G3 test_template_ood minus_plus 40 / 53
evaluated G3 test_template_ood minus_plus 48 / 53
evaluated G3 test_template_ood minus_plus 53 / 53
evaluated G3 test_template_ood plus_person 8 / 53
evaluated G3 test_template_ood plus_person 16 / 53
evaluated G3 test_template_ood plus_person 24 / 53
evaluated G3 test_template_ood plus_person 32 / 53
evaluated G3 test_template_ood plus_person 40 / 53
evaluated G3 test_template_ood plus_person 48 / 53
evaluated G3 test_template_ood plus_person 53 / 53
evaluated G3 test_template_ood person_plus 8 / 53
evaluated G3 test_template_ood person_plus 16 / 53
evaluated G3 test_template_ood person_plus 24 / 53
evaluated G3 test_template_ood person_plus 32 / 53
evaluated G3 test_template_ood person_plus 40 / 53
evaluated G3 test_template_ood person_plus 48 / 53
evaluated G3 test_template_ood person_plus 53 / 53
evaluated G3 test_template_ood plus_plus_person 8 / 53
evaluated G3 test_template_ood plus_plus_person 16 / 53
evaluated G3 test_template_ood plus_plus_person 24 / 53
evaluated G3 test_template_ood plus_plus_person 32 / 53
evaluated G3 test_template_ood plus_plus_person 40 / 53
evaluated G3 test_template_ood plus_plus_person 48 / 53
evaluated G3 test_template_ood plus_plus_person 53 / 53
repair {'step': 148, 'op': 'T_minus', 'op_updates': 50, 'loss': 0.30337485671043396, 'token_ce': 0.3033427298069, 'gold_latent': 0.00012153496936662123, 'inverse': 0.0001995736383832991, 'orthogonal': 2.1824196962234133e-16}
/dataset1/zailong/workspace/encrypted_semantic_editing_pilot/experiments/algebraic_generalization_v1/run.py:174: UserWarning: Converting a tensor with requires_grad=True to a scalar may lead to unexpected behavior.
Consider using tensor.detach() first. (Triggered internally at /pytorch/torch/csrc/autograd/generated/python_variable_methods.cpp:836.)
  history.append(dict(step=entry['step'], op=op, op_updates=count[op], loss=float(loss), token_ce=float(l1), gold_latent=float(geometry), inverse=float(inverse), orthogonal=float(orth)))
repair {'step': 150, 'op': 'T_plus', 'op_updates': 50, 'loss': 0.2748839855194092, 'token_ce': 0.2748415470123291, 'gold_latent': 0.00019815891573671252, 'inverse': 0.00022625252313446254, 'orthogonal': 4.889032878695643e-16}
repair {'step': 298, 'op': 'T_minus', 'op_updates': 100, 'loss': 0.2891068756580353, 'token_ce': 0.28903093934059143, 'gold_latent': 0.00024176934675779194, 'inverse': 0.0005176843842491508, 'orthogonal': 9.454335058906613e-16}
repair {'step': 300, 'op': 'T_plus', 'op_updates': 100, 'loss': 0.21956926584243774, 'token_ce': 0.2194710373878479, 'gold_latent': 0.0003592272405512631, 'inverse': 0.0006229513674043119, 'orthogonal': 1.078080771254816e-15}
repair {'step': 448, 'op': 'T_minus', 'op_updates': 150, 'loss': 0.20058856904506683, 'token_ce': 0.20044909417629242, 'gold_latent': 0.00040352664655074477, 'inverse': 0.0009912940440699458, 'orthogonal': 2.4516784205542118e-15}
repair {'step': 450, 'op': 'T_plus', 'op_updates': 150, 'loss': 0.21011579036712646, 'token_ce': 0.20994265377521515, 'gold_latent': 0.0006718828226439655, 'inverse': 0.0010594745399430394, 'orthogonal': 1.633312985762378e-15}
repair {'step': 598, 'op': 'T_minus', 'op_updates': 200, 'loss': 0.20840516686439514, 'token_ce': 0.2082442194223404, 'gold_latent': 0.0005094380467198789, 'inverse': 0.0010999877704307437, 'orthogonal': 3.099886477066563e-15}
repair {'step': 600, 'op': 'T_plus', 'op_updates': 200, 'loss': 0.19133031368255615, 'token_ce': 0.1910647749900818, 'gold_latent': 0.0010108338901773095, 'inverse': 0.0016445075161755085, 'orthogonal': 2.5643498961650316e-15}
evaluated repair test_iid plus_chain 8 / 53
evaluated repair test_iid plus_chain 16 / 53
evaluated repair test_iid plus_chain 24 / 53
evaluated repair test_iid plus_chain 32 / 53
evaluated repair test_iid plus_chain 40 / 53
evaluated repair test_iid plus_chain 48 / 53
evaluated repair test_iid plus_chain 53 / 53
evaluated repair test_iid plus_minus 8 / 53
evaluated repair test_iid plus_minus 16 / 53
evaluated repair test_iid plus_minus 24 / 53
evaluated repair test_iid plus_minus 32 / 53
evaluated repair test_iid plus_minus 40 / 53
evaluated repair test_iid plus_minus 48 / 53
evaluated repair test_iid plus_minus 53 / 53
evaluated repair test_iid minus_plus 8 / 53
evaluated repair test_iid minus_plus 16 / 53
evaluated repair test_iid minus_plus 24 / 53
evaluated repair test_iid minus_plus 32 / 53
evaluated repair test_iid minus_plus 40 / 53
evaluated repair test_iid minus_plus 48 / 53
evaluated repair test_iid minus_plus 53 / 53
evaluated repair test_iid plus_person 8 / 53
evaluated repair test_iid plus_person 16 / 53
evaluated repair test_iid plus_person 24 / 53
evaluated repair test_iid plus_person 32 / 53
evaluated repair test_iid plus_person 40 / 53
evaluated repair test_iid plus_person 48 / 53
evaluated repair test_iid plus_person 53 / 53
evaluated repair test_iid person_plus 8 / 53
evaluated repair test_iid person_plus 16 / 53
evaluated repair test_iid person_plus 24 / 53
evaluated repair test_iid person_plus 32 / 53
evaluated repair test_iid person_plus 40 / 53
evaluated repair test_iid person_plus 48 / 53
evaluated repair test_iid person_plus 53 / 53
evaluated repair test_iid plus_plus_person 8 / 53
evaluated repair test_iid plus_plus_person 16 / 53
evaluated repair test_iid plus_plus_person 24 / 53
evaluated repair test_iid plus_plus_person 32 / 53
evaluated repair test_iid plus_plus_person 40 / 53
evaluated repair test_iid plus_plus_person 48 / 53
evaluated repair test_iid plus_plus_person 53 / 53
evaluated repair test_template_ood plus_chain 8 / 53
evaluated repair test_template_ood plus_chain 16 / 53
evaluated repair test_template_ood plus_chain 24 / 53
evaluated repair test_template_ood plus_chain 32 / 53
evaluated repair test_template_ood plus_chain 40 / 53
evaluated repair test_template_ood plus_chain 48 / 53
evaluated repair test_template_ood plus_chain 53 / 53
evaluated repair test_template_ood plus_minus 8 / 53
evaluated repair test_template_ood plus_minus 16 / 53
evaluated repair test_template_ood plus_minus 24 / 53
evaluated repair test_template_ood plus_minus 32 / 53
evaluated repair test_template_ood plus_minus 40 / 53
evaluated repair test_template_ood plus_minus 48 / 53
evaluated repair test_template_ood plus_minus 53 / 53
evaluated repair test_template_ood minus_plus 8 / 53
evaluated repair test_template_ood minus_plus 16 / 53
evaluated repair test_template_ood minus_plus 24 / 53
evaluated repair test_template_ood minus_plus 32 / 53
evaluated repair test_template_ood minus_plus 40 / 53
evaluated repair test_template_ood minus_plus 48 / 53
evaluated repair test_template_ood minus_plus 53 / 53
evaluated repair test_template_ood plus_person 8 / 53
evaluated repair test_template_ood plus_person 16 / 53
evaluated repair test_template_ood plus_person 24 / 53
evaluated repair test_template_ood plus_person 32 / 53
evaluated repair test_template_ood plus_person 40 / 53
evaluated repair test_template_ood plus_person 48 / 53
evaluated repair test_template_ood plus_person 53 / 53
evaluated repair test_template_ood person_plus 8 / 53
evaluated repair test_template_ood person_plus 16 / 53
evaluated repair test_template_ood person_plus 24 / 53
evaluated repair test_template_ood person_plus 32 / 53
evaluated repair test_template_ood person_plus 40 / 53
evaluated repair test_template_ood person_plus 48 / 53
evaluated repair test_template_ood person_plus 53 / 53
evaluated repair test_template_ood plus_plus_person 8 / 53
evaluated repair test_template_ood plus_plus_person 16 / 53
evaluated repair test_template_ood plus_plus_person 24 / 53
evaluated repair test_template_ood plus_plus_person 32 / 53
evaluated repair test_template_ood plus_plus_person 40 / 53
evaluated repair test_template_ood plus_plus_person 48 / 53
evaluated repair test_template_ood plus_plus_person 53 / 53
