old train/IID diagnostic 43 2880
cached 43 train C 512 / 512
cached 43 dev C 128 / 128
cached 43 iid C 160 / 160
cached 43 template_ood C 119 / 160
diagnostic 43 F0 0 0.9 0.015625
diagnostic 43 F0 50 0.525 0.3046875
diagnostic 43 F0 100 0.5203125 0.40625
diagnostic 43 F0 150 0.51875 0.5
diagnostic 43 F0 200 0.5171875 0.6015625
confirmation 43 F0 final iid 8480
confirmation 43 F0 final template_ood 8480
confirmation 43 F0 best iid 8480
confirmation 43 F0 best template_ood 8480
diagnostic 43 F1 0 0.9 0.015625
diagnostic 43 F1 50 1.0 0.1875
diagnostic 43 F1 100 1.0 0.5234375
diagnostic 43 F1 150 1.0 0.703125
diagnostic 43 F1 200 1.0 0.7421875
confirmation 43 F1 final iid 8480
confirmation 43 F1 final template_ood 8480
confirmation 43 F1 best iid 8480
confirmation 43 F1 best template_ood 8480
diagnostic 43 F2 0 0.9 0.015625
diagnostic 43 F2 50 1.0 0.0703125
diagnostic 43 F2 100 0.975 0.140625
diagnostic 43 F2 150 1.0 0.0078125
diagnostic 43 F2 200 1.0 0.015625
confirmation 43 F2 final iid 8480
confirmation 43 F2 final template_ood 8480
confirmation 43 F2 best iid 8480
confirmation 43 F2 best template_ood 8480
diagnostic 43 F3 0 0.9 0.015625
diagnostic 43 F3 50 1.0 1.0
diagnostic 43 F3 100 1.0 1.0
diagnostic 43 F3 150 1.0 1.0
diagnostic 43 F3 200 1.0 1.0
confirmation 43 F3 final iid 8480
confirmation 43 F3 final template_ood 8480
confirmation 43 F3 best iid 8480
confirmation 43 F3 best template_ood 8480
SEED COMPLETE 43
