old train/IID diagnostic 44 2880
cached 44 train C 512 / 512
cached 44 dev C 128 / 128
cached 44 iid C 160 / 160
cached 44 template_ood C 119 / 160
diagnostic 44 F0 0 0.8453125 0.015625
diagnostic 44 F0 50 0.4734375 1.0
diagnostic 44 F0 100 0.4796875 1.0
diagnostic 44 F0 150 0.4703125 1.0
diagnostic 44 F0 200 0.4671875 1.0
confirmation 44 F0 final iid 8480
confirmation 44 F0 final template_ood 8480
confirmation 44 F0 best iid 8480
confirmation 44 F0 best template_ood 8480
diagnostic 44 F1 0 0.8453125 0.015625
diagnostic 44 F1 50 0.9984375 1.0
diagnostic 44 F1 100 1.0 1.0
diagnostic 44 F1 150 1.0 1.0
diagnostic 44 F1 200 1.0 1.0
confirmation 44 F1 final iid 8480
confirmation 44 F1 final template_ood 8480
confirmation 44 F1 best iid 8480
confirmation 44 F1 best template_ood 8480
diagnostic 44 F2 0 0.8453125 0.015625
diagnostic 44 F2 50 1.0 0.4453125
diagnostic 44 F2 100 1.0 0.3984375
diagnostic 44 F2 150 1.0 0.421875
diagnostic 44 F2 200 0.9953125 0.1796875
confirmation 44 F2 final iid 8480
confirmation 44 F2 final template_ood 8480
confirmation 44 F2 best iid 8480
confirmation 44 F2 best template_ood 8480
diagnostic 44 F3 0 0.8453125 0.015625
diagnostic 44 F3 50 1.0 1.0
diagnostic 44 F3 100 1.0 1.0
diagnostic 44 F3 150 1.0 1.0
diagnostic 44 F3 200 1.0 1.0
confirmation 44 F3 final iid 8480
confirmation 44 F3 final template_ood 8480
confirmation 44 F3 best iid 8480
confirmation 44 F3 best template_ood 8480
SEED COMPLETE 44
