old train/IID diagnostic 42 2880
cached 42 train C 512 / 512
cached 42 dev C 128 / 128
cached 42 iid C 160 / 160
cached 42 template_ood C 108 / 160
diagnostic 42 F0 0 0.896875 0.6171875
diagnostic 42 F0 50 0.4796875 0.9765625
diagnostic 42 F0 100 0.4671875 0.9609375
diagnostic 42 F0 150 0.4640625 0.9375
diagnostic 42 F0 200 0.4515625 0.9375
confirmation 42 F0 final iid 8480
confirmation 42 F0 final template_ood 8480
confirmation 42 F0 best iid 8480
confirmation 42 F0 best template_ood 8480
diagnostic 42 F1 0 0.896875 0.6171875
diagnostic 42 F1 50 0.9953125 1.0
diagnostic 42 F1 100 1.0 1.0
diagnostic 42 F1 150 1.0 1.0
diagnostic 42 F1 200 1.0 1.0
confirmation 42 F1 final iid 8480
confirmation 42 F1 final template_ood 8480
confirmation 42 F1 best iid 8480
confirmation 42 F1 best template_ood 8480
diagnostic 42 F2 0 0.896875 0.6171875
diagnostic 42 F2 50 1.0 0.328125
diagnostic 42 F2 100 1.0 0.3203125
diagnostic 42 F2 150 1.0 0.3125
diagnostic 42 F2 200 1.0 0.21875
confirmation 42 F2 final iid 8480
confirmation 42 F2 final template_ood 8480
confirmation 42 F2 best iid 8480
confirmation 42 F2 best template_ood 8480
diagnostic 42 F3 0 0.896875 0.6171875
diagnostic 42 F3 50 0.9984375 1.0
diagnostic 42 F3 100 1.0 1.0
diagnostic 42 F3 150 1.0 1.0
diagnostic 42 F3 200 1.0 1.0
confirmation 42 F3 final iid 8480
confirmation 42 F3 final template_ood 8480
confirmation 42 F3 best iid 8480
confirmation 42 F3 best template_ood 8480
SEED COMPLETE 42
