cached 42 repair_train P 512 old 512
cached 42 repair_dev P 128 old 128
G16 diagnostic 42 N 0 train 1.0 1.0 1.0
G16 diagnostic 42 N 0 dev 1.0 1.0 1.0
G16 diagnostic 42 N 25 dev 0.9986328125 1.0 1.0
G16 diagnostic 42 N 50 train 1.0 1.0 1.0
G16 diagnostic 42 N 50 dev 0.9998046875 1.0 1.0
G16 diagnostic 42 N 75 dev 1.0 1.0 1.0
G16 diagnostic 42 N 100 train 1.0 1.0 1.0
G16 diagnostic 42 N 100 dev 1.0 1.0 1.0
G16 diagnostic 42 N 125 dev 1.0 1.0 1.0
G16 diagnostic 42 N 150 train 1.0 1.0 1.0
G16 diagnostic 42 N 150 dev 1.0 1.0 1.0
G16 diagnostic 42 N 175 dev 1.0 1.0 1.0
G16 diagnostic 42 N 200 train 1.0 1.0 1.0
G16 diagnostic 42 N 200 dev 1.0 1.0 1.0
G16 diagnostic 42 F 0 train 1.0 1.0 0.0
G16 diagnostic 42 F 0 dev 1.0 1.0 0.0
G16 diagnostic 42 F 25 dev 0.9833984375 1.0 1.0
G16 diagnostic 42 F 50 train 0.996875 1.0 1.0
G16 diagnostic 42 F 50 dev 0.9966796875 1.0 1.0
G16 diagnostic 42 F 75 dev 0.999609375 1.0 1.0
G16 diagnostic 42 F 100 train 1.0 1.0 1.0
G16 diagnostic 42 F 100 dev 0.9998046875 1.0 1.0
G16 diagnostic 42 F 125 dev 1.0 1.0 1.0
G16 diagnostic 42 F 150 train 1.0 1.0 1.0
G16 diagnostic 42 F 150 dev 1.0 1.0 1.0
G16 diagnostic 42 F 175 dev 1.0 1.0 1.0
G16 diagnostic 42 F 200 train 1.0 1.0 1.0
G16 diagnostic 42 F 200 dev 1.0 1.0 1.0
G16 TRAIN COMPLETE 42
