cached 44 repair_train P 512 old 512
cached 44 repair_dev P 128 old 128
G16 diagnostic 44 N 0 train 1.0 1.0 1.0
G16 diagnostic 44 N 0 dev 1.0 1.0 1.0
G16 diagnostic 44 N 25 dev 1.0 1.0 1.0
G16 diagnostic 44 N 50 train 1.0 1.0 1.0
G16 diagnostic 44 N 50 dev 1.0 1.0 1.0
G16 diagnostic 44 N 75 dev 1.0 1.0 1.0
G16 diagnostic 44 N 100 train 1.0 1.0 1.0
G16 diagnostic 44 N 100 dev 1.0 1.0 1.0
G16 diagnostic 44 N 125 dev 1.0 1.0 1.0
G16 diagnostic 44 N 150 train 1.0 1.0 1.0
G16 diagnostic 44 N 150 dev 1.0 1.0 1.0
G16 diagnostic 44 N 175 dev 1.0 1.0 1.0
G16 diagnostic 44 N 200 train 1.0 1.0 1.0
G16 diagnostic 44 N 200 dev 1.0 1.0 1.0
G16 diagnostic 44 F 0 train 1.0 1.0 0.0
G16 diagnostic 44 F 0 dev 1.0 1.0 0.0
G16 diagnostic 44 F 25 dev 0.99921875 1.0 1.0
G16 diagnostic 44 F 50 train 1.0 1.0 1.0
G16 diagnostic 44 F 50 dev 1.0 1.0 1.0
G16 diagnostic 44 F 75 dev 1.0 1.0 1.0
G16 diagnostic 44 F 100 train 1.0 1.0 1.0
G16 diagnostic 44 F 100 dev 1.0 1.0 1.0
G16 diagnostic 44 F 125 dev 1.0 1.0 1.0
G16 diagnostic 44 F 150 train 1.0 1.0 1.0
G16 diagnostic 44 F 150 dev 1.0 1.0 1.0
G16 diagnostic 44 F 175 dev 1.0 1.0 1.0
G16 diagnostic 44 F 200 train 1.0 1.0 1.0
G16 diagnostic 44 F 200 dev 1.0 1.0 1.0
G16 TRAIN COMPLETE 44
