cached 43 repair_train P 512 old 512
cached 43 repair_dev P 128 old 128
G16 diagnostic 43 N 0 train 1.0 1.0 1.0
G16 diagnostic 43 N 0 dev 1.0 1.0 1.0
G16 diagnostic 43 N 25 dev 1.0 1.0 1.0
G16 diagnostic 43 N 50 train 1.0 1.0 1.0
G16 diagnostic 43 N 50 dev 1.0 1.0 1.0
G16 diagnostic 43 N 75 dev 1.0 1.0 1.0
G16 diagnostic 43 N 100 train 1.0 1.0 1.0
G16 diagnostic 43 N 100 dev 1.0 1.0 1.0
G16 diagnostic 43 N 125 dev 1.0 1.0 1.0
G16 diagnostic 43 N 150 train 1.0 1.0 1.0
G16 diagnostic 43 N 150 dev 1.0 1.0 1.0
G16 diagnostic 43 N 175 dev 1.0 1.0 1.0
G16 diagnostic 43 N 200 train 1.0 1.0 1.0
G16 diagnostic 43 N 200 dev 1.0 1.0 1.0
G16 diagnostic 43 F 0 train 1.0 1.0 0.0
G16 diagnostic 43 F 0 dev 1.0 1.0 0.0
G16 diagnostic 43 F 25 dev 1.0 1.0 1.0
G16 diagnostic 43 F 50 train 1.0 1.0 1.0
G16 diagnostic 43 F 50 dev 0.9998046875 1.0 1.0
G16 diagnostic 43 F 75 dev 1.0 1.0 1.0
G16 diagnostic 43 F 100 train 1.0 1.0 1.0
G16 diagnostic 43 F 100 dev 1.0 1.0 1.0
G16 diagnostic 43 F 125 dev 1.0 1.0 1.0
G16 diagnostic 43 F 150 train 1.0 1.0 1.0
G16 diagnostic 43 F 150 dev 1.0 1.0 1.0
G16 diagnostic 43 F 175 dev 1.0 1.0 1.0
G16 diagnostic 43 F 200 train 1.0 1.0 1.0
G16 diagnostic 43 F 200 dev 1.0 1.0 1.0
G16 TRAIN COMPLETE 43
