Loading weights:   0%|          | 0/259 [00:00<?, ?it/s]Loading weights: 100%|██████████| 259/259 [00:00<00:00, 5990.90it/s]
VALIDATION PASSED
generated G3 latent_chain ordinary T_plus_first
generated G3 latent_chain ordinary T_plus_third
generated G3 latent_chain ordinary plus_plus
CHECKPOINT {'step': 100, 'dev_target_token_nll': 0.04985145579824976, 'T_plus_joint': 0.0, 'plus_plus_endpoint': 0.0625, 'plus_plus_trajectory': 0.0}
generated G3 latent_chain ordinary T_plus_first
generated G3 latent_chain ordinary T_plus_third
generated G3 latent_chain ordinary plus_plus
CHECKPOINT {'step': 200, 'dev_target_token_nll': 0.026086675148596607, 'T_plus_joint': 0.2875, 'plus_plus_endpoint': 0.425, 'plus_plus_trajectory': 0.1875}
generated G3 latent_chain ordinary T_plus_first
generated G3 latent_chain ordinary T_plus_third
generated G3 latent_chain ordinary plus_plus
CHECKPOINT {'step': 300, 'dev_target_token_nll': 0.012290222559293342, 'T_plus_joint': 0.60625, 'plus_plus_endpoint': 0.8625, 'plus_plus_trajectory': 0.525}
generated G3 latent_chain ordinary T_plus_first
generated G3 latent_chain ordinary T_plus_third
generated G3 latent_chain ordinary plus_plus
CHECKPOINT {'step': 400, 'dev_target_token_nll': 0.007063992970753914, 'T_plus_joint': 0.69375, 'plus_plus_endpoint': 0.9875, 'plus_plus_trajectory': 0.65}
generated G3 latent_chain ordinary T_plus_first
generated G3 latent_chain ordinary T_plus_third
generated G3 latent_chain ordinary plus_plus
CHECKPOINT {'step': 500, 'dev_target_token_nll': 0.006064598334045937, 'T_plus_joint': 0.59375, 'plus_plus_endpoint': 1.0, 'plus_plus_trajectory': 0.6}
generated G3 latent_chain ordinary T_plus_first
generated G3 latent_chain ordinary T_plus_third
generated G3 latent_chain ordinary plus_plus
CHECKPOINT {'step': 600, 'dev_target_token_nll': 0.0016435213140422013, 'T_plus_joint': 0.99375, 'plus_plus_endpoint': 1.0, 'plus_plus_trajectory': 1.0}
TRAIN COMPLETE
