Loading weights:   0%|          | 0/259 [00:00<?, ?it/s]Loading weights: 100%|██████████| 259/259 [00:00<00:00, 4740.65it/s]
evaluated BART G1 latent_chain T_plus_first
evaluated BART G1 latent_chain T_plus_third
evaluated BART G1 latent_chain T_minus_first
evaluated BART G1 latent_chain T_minus_third
evaluated BART G1 latent_chain P_13_first
evaluated BART G1 latent_chain P_31_third
evaluated BART G1 latent_chain plus_plus
evaluated BART G1 latent_chain minus_minus
evaluated BART G1 latent_chain plus_minus
evaluated BART G1 latent_chain minus_plus
evaluated BART G1 latent_chain plus_person
evaluated BART G1 latent_chain person_plus
evaluated BART G1 latent_chain person_return
evaluated BART G1 latent_chain plus3
evaluated BART G1 latent_chain minus3
evaluated BART G1 decode_reencode plus_plus
evaluated BART G1 decode_reencode minus_minus
evaluated BART G1 decode_reencode plus_minus
evaluated BART G1 decode_reencode minus_plus
evaluated BART G1 decode_reencode plus_person
evaluated BART G1 decode_reencode person_plus
evaluated BART G1 decode_reencode person_return
evaluated BART G1 decode_reencode plus3
evaluated BART G1 decode_reencode minus3
evaluated BART G3 latent_chain T_plus_first
evaluated BART G3 latent_chain T_plus_third
evaluated BART G3 latent_chain T_minus_first
evaluated BART G3 latent_chain T_minus_third
evaluated BART G3 latent_chain P_13_first
evaluated BART G3 latent_chain P_31_third
evaluated BART G3 latent_chain plus_plus
evaluated BART G3 latent_chain minus_minus
evaluated BART G3 latent_chain plus_minus
evaluated BART G3 latent_chain minus_plus
evaluated BART G3 latent_chain plus_person
evaluated BART G3 latent_chain person_plus
evaluated BART G3 latent_chain person_return
evaluated BART G3 latent_chain plus3
evaluated BART G3 latent_chain minus3
evaluated BART G3 decode_reencode plus_plus
evaluated BART G3 decode_reencode minus_minus
evaluated BART G3 decode_reencode plus_minus
evaluated BART G3 decode_reencode minus_plus
evaluated BART G3 decode_reencode plus_person
evaluated BART G3 decode_reencode person_plus
evaluated BART G3 decode_reencode person_return
evaluated BART G3 decode_reencode plus3
evaluated BART G3 decode_reencode minus3
