Loading weights:   0%|          | 0/732 [00:00<?, ?it/s]Loading weights:   0%|          | 1/732 [00:01<23:17,  1.91s/it]Loading weights:  33%|███▎      | 244/732 [00:02<00:02, 166.38it/s]Loading weights:  49%|████▉     | 357/732 [00:02<00:02, 175.20it/s]Loading weights:  58%|█████▊    | 428/732 [00:03<00:01, 177.22it/s]Loading weights:  65%|██████▌   | 478/732 [00:05<00:03, 70.29it/s] Loading weights:  92%|█████████▏| 677/732 [00:05<00:00, 145.16it/s]Loading weights: 100%|██████████| 732/732 [00:05<00:00, 125.25it/s]
evaluated t5gemma-2b-2b-ul2-it G1 latent_chain T_plus_first
evaluated t5gemma-2b-2b-ul2-it G1 latent_chain T_plus_third
evaluated t5gemma-2b-2b-ul2-it G1 latent_chain T_minus_first
evaluated t5gemma-2b-2b-ul2-it G1 latent_chain T_minus_third
evaluated t5gemma-2b-2b-ul2-it G1 latent_chain P_13_first
evaluated t5gemma-2b-2b-ul2-it G1 latent_chain P_31_third
evaluated t5gemma-2b-2b-ul2-it G1 latent_chain plus_plus
evaluated t5gemma-2b-2b-ul2-it G1 latent_chain minus_minus
evaluated t5gemma-2b-2b-ul2-it G1 latent_chain plus_minus
evaluated t5gemma-2b-2b-ul2-it G1 latent_chain minus_plus
evaluated t5gemma-2b-2b-ul2-it G1 latent_chain plus_person
evaluated t5gemma-2b-2b-ul2-it G1 latent_chain person_plus
evaluated t5gemma-2b-2b-ul2-it G1 latent_chain person_return
evaluated t5gemma-2b-2b-ul2-it G1 latent_chain plus3
evaluated t5gemma-2b-2b-ul2-it G1 latent_chain minus3
evaluated t5gemma-2b-2b-ul2-it G1 decode_reencode plus_plus
evaluated t5gemma-2b-2b-ul2-it G1 decode_reencode minus_minus
evaluated t5gemma-2b-2b-ul2-it G1 decode_reencode plus_minus
evaluated t5gemma-2b-2b-ul2-it G1 decode_reencode minus_plus
evaluated t5gemma-2b-2b-ul2-it G1 decode_reencode plus_person
evaluated t5gemma-2b-2b-ul2-it G1 decode_reencode person_plus
evaluated t5gemma-2b-2b-ul2-it G1 decode_reencode person_return
evaluated t5gemma-2b-2b-ul2-it G1 decode_reencode plus3
evaluated t5gemma-2b-2b-ul2-it G1 decode_reencode minus3
evaluated t5gemma-2b-2b-ul2-it G3 latent_chain T_plus_first
evaluated t5gemma-2b-2b-ul2-it G3 latent_chain T_plus_third
evaluated t5gemma-2b-2b-ul2-it G3 latent_chain T_minus_first
evaluated t5gemma-2b-2b-ul2-it G3 latent_chain T_minus_third
evaluated t5gemma-2b-2b-ul2-it G3 latent_chain P_13_first
evaluated t5gemma-2b-2b-ul2-it G3 latent_chain P_31_third
evaluated t5gemma-2b-2b-ul2-it G3 latent_chain plus_plus
evaluated t5gemma-2b-2b-ul2-it G3 latent_chain minus_minus
evaluated t5gemma-2b-2b-ul2-it G3 latent_chain plus_minus
evaluated t5gemma-2b-2b-ul2-it G3 latent_chain minus_plus
evaluated t5gemma-2b-2b-ul2-it G3 latent_chain plus_person
evaluated t5gemma-2b-2b-ul2-it G3 latent_chain person_plus
evaluated t5gemma-2b-2b-ul2-it G3 latent_chain person_return
evaluated t5gemma-2b-2b-ul2-it G3 latent_chain plus3
evaluated t5gemma-2b-2b-ul2-it G3 latent_chain minus3
evaluated t5gemma-2b-2b-ul2-it G3 decode_reencode plus_plus
evaluated t5gemma-2b-2b-ul2-it G3 decode_reencode minus_minus
evaluated t5gemma-2b-2b-ul2-it G3 decode_reencode plus_minus
evaluated t5gemma-2b-2b-ul2-it G3 decode_reencode minus_plus
evaluated t5gemma-2b-2b-ul2-it G3 decode_reencode plus_person
evaluated t5gemma-2b-2b-ul2-it G3 decode_reencode person_plus
evaluated t5gemma-2b-2b-ul2-it G3 decode_reencode person_return
evaluated t5gemma-2b-2b-ul2-it G3 decode_reencode plus3
evaluated t5gemma-2b-2b-ul2-it G3 decode_reencode minus3
