{
  "raw_pairs": 7271,
  "license": "CC BY 4.0",
  "source": "https://github.com/lvyiwei1/StylePTB",
  "revision": "0c24befeb80098307d7bdff6c5adaf04529fa36f",
  "raw_sha256": "20a1bb4b81a63f89764ffdd8021eb8af7bc6dc4badb790a154b97ff6328c59b4",
  "train_eligible": 6469,
  "train": {
    "n": 5000,
    "sha256": "b749f2bcd35f0127e6a63c63a700927b6538d1318eab061add6003915201f508",
    "max_tokens": 29
  },
  "dev_eligible": 363,
  "dev": {
    "n": 363,
    "sha256": "73ae74d3681ec01d5c776e5e2f75a69fe4806a6ab5840891f1b6fbd33eacca65",
    "max_tokens": 28
  },
  "test_eligible": 364,
  "test": {
    "n": 364,
    "sha256": "edd8ecbb725de91302f4df68227fcb329e130913f9ee771c22f3199fe5437328",
    "max_tokens": 24
  },
  "exclusions": {
    "train_grouped": 60,
    "train_cross_split_duplicate": 15
  },
  "split_algorithm": "official checkout order: dev <N//20; test <N//10; remaining train",
  "seed": 42
}
