Sun Sep 27 20:05:05 2026       
+-----------------------------------------------------------------------------------------+
| NVIDIA-SMI 595.71.05              Driver Version: 595.71.05      CUDA Version: 13.2     |
+-----------------------------------------+------------------------+----------------------+
| GPU  Name                 Persistence-M | Bus-Id          Disp.A | Volatile Uncorr. ECC |
| Fan  Temp   Perf          Pwr:Usage/Cap |           Memory-Usage | GPU-Util  Compute M. |
|                                         |                        |               MIG M. |
|=========================================+========================+======================|
|   0  NVIDIA B300 SXM6 AC            On  |   00000000:9A:00.0 Off |                    0 |
| N/A   25C    P0            184W / 1100W |       0MiB / 275040MiB |      0%   E. Process |
|                                         |                        |             Disabled |
+-----------------------------------------+------------------------+----------------------+

+-----------------------------------------------------------------------------------------+
| Processes:                                                                              |
|  GPU   GI   CI              PID   Type   Process name                        GPU Memory |
|        ID   ID                                                               Usage      |
|=========================================================================================|
|  No running processes found                                                             |
+-----------------------------------------------------------------------------------------+
Loading weights:   0%|          | 0/259 [00:00<?, ?it/s]Loading weights: 100%|██████████| 259/259 [00:00<00:00, 6033.76it/s]
HE decoded 1 16
HE decoded 2 16
HE decoded 3 16
HE decoded 4 16
HE decoded 5 16
HE decoded 6 16
HE decoded 7 16
HE decoded 8 16
HE decoded 9 16
HE decoded 10 16
HE decoded 11 16
HE decoded 12 16
HE decoded 13 16
HE decoded 14 16
HE decoded 15 16
HE decoded 16 16
HE_TEXT_COMPLETE
