Loading weights:   0%|          | 0/259 [00:00<?, ?it/s]Loading weights: 100%|██████████| 259/259 [00:00<00:00, 4583.51it/s]
generate B_identity_dev seed=42 16/196 -> dev_identity.jsonl
generate B_identity_dev seed=42 32/196 -> dev_identity.jsonl
generate B_identity_dev seed=42 48/196 -> dev_identity.jsonl
generate B_identity_dev seed=42 64/196 -> dev_identity.jsonl
generate B_identity_dev seed=42 80/196 -> dev_identity.jsonl
generate B_identity_dev seed=42 96/196 -> dev_identity.jsonl
generate B_identity_dev seed=42 112/196 -> dev_identity.jsonl
generate B_identity_dev seed=42 128/196 -> dev_identity.jsonl
generate B_identity_dev seed=42 144/196 -> dev_identity.jsonl
generate B_identity_dev seed=42 160/196 -> dev_identity.jsonl
generate B_identity_dev seed=42 176/196 -> dev_identity.jsonl
generate B_identity_dev seed=42 192/196 -> dev_identity.jsonl
generate B_identity_dev seed=42 196/196 -> dev_identity.jsonl
B fit vector_add 100 0.4774479568004608
B fit vector_add 200 0.28823354840278625
B fit vector_add 300 1.4508835077285767
B fit vector_add 400 0.20242823660373688
B fit vector_add 500 0.18538925051689148
B fit vector_add 600 1.367667555809021
B fit independent_lowrank 100 0.02069232054054737
B fit independent_lowrank 200 0.05063062533736229
B fit independent_lowrank 300 0.39448943734169006
B fit independent_lowrank 400 0.056169625371694565
B fit independent_lowrank 500 0.04066548869013786
B fit independent_lowrank 600 0.2060832381248474
B fit composition_trained_lowrank 100 0.372818261384964
B fit composition_trained_lowrank 200 0.2373613715171814
B fit composition_trained_lowrank 300 0.19222936034202576
B fit composition_trained_lowrank 400 0.044768281280994415
B fit composition_trained_lowrank 500 0.03999638557434082
B fit composition_trained_lowrank 600 0.12665392458438873
generate B_identity_test seed=42 16/100 -> test_identity.jsonl
generate B_identity_test seed=42 32/100 -> test_identity.jsonl
generate B_identity_test seed=42 48/100 -> test_identity.jsonl
generate B_identity_test seed=42 64/100 -> test_identity.jsonl
generate B_identity_test seed=42 80/100 -> test_identity.jsonl
generate B_identity_test seed=42 96/100 -> test_identity.jsonl
generate B_identity_test seed=42 100/100 -> test_identity.jsonl
generate B_single_passive_vector_add seed=42 16/100 -> single_passive_vector_add.jsonl
generate B_single_passive_vector_add seed=42 32/100 -> single_passive_vector_add.jsonl
generate B_single_passive_vector_add seed=42 48/100 -> single_passive_vector_add.jsonl
generate B_single_passive_vector_add seed=42 64/100 -> single_passive_vector_add.jsonl
generate B_single_passive_vector_add seed=42 80/100 -> single_passive_vector_add.jsonl
generate B_single_passive_vector_add seed=42 96/100 -> single_passive_vector_add.jsonl
generate B_single_passive_vector_add seed=42 100/100 -> single_passive_vector_add.jsonl
generate B_single_passive_independent_lowrank seed=42 16/100 -> single_passive_independent_lowrank.jsonl
generate B_single_passive_independent_lowrank seed=42 32/100 -> single_passive_independent_lowrank.jsonl
generate B_single_passive_independent_lowrank seed=42 48/100 -> single_passive_independent_lowrank.jsonl
generate B_single_passive_independent_lowrank seed=42 64/100 -> single_passive_independent_lowrank.jsonl
generate B_single_passive_independent_lowrank seed=42 80/100 -> single_passive_independent_lowrank.jsonl
generate B_single_passive_independent_lowrank seed=42 96/100 -> single_passive_independent_lowrank.jsonl
generate B_single_passive_independent_lowrank seed=42 100/100 -> single_passive_independent_lowrank.jsonl
generate B_single_passive_composition_trained_lowrank seed=42 16/100 -> single_passive_composition_trained_lowrank.jsonl
generate B_single_passive_composition_trained_lowrank seed=42 32/100 -> single_passive_composition_trained_lowrank.jsonl
generate B_single_passive_composition_trained_lowrank seed=42 48/100 -> single_passive_composition_trained_lowrank.jsonl
generate B_single_passive_composition_trained_lowrank seed=42 64/100 -> single_passive_composition_trained_lowrank.jsonl
generate B_single_passive_composition_trained_lowrank seed=42 80/100 -> single_passive_composition_trained_lowrank.jsonl
generate B_single_passive_composition_trained_lowrank seed=42 96/100 -> single_passive_composition_trained_lowrank.jsonl
generate B_single_passive_composition_trained_lowrank seed=42 100/100 -> single_passive_composition_trained_lowrank.jsonl
B_COMPLETE
