cached 44 repair_train P 512 old 512
cached 44 repair_dev P 128 old 128
diagnostic 44 N 0 1.0 1.0 1.0
diagnostic 44 N 50 1.0 1.0 1.0
diagnostic 44 N 100 1.0 1.0 1.0
diagnostic 44 N 150 1.0 1.0 1.0
diagnostic 44 N 200 1.0 1.0 1.0
diagnostic 44 F 0 1.0 1.0 0.0
diagnostic 44 F 50 1.0 1.0 1.0
diagnostic 44 F 100 1.0 1.0 1.0
diagnostic 44 F 150 1.0 1.0 1.0
diagnostic 44 F 200 0.884375 1.0 1.0
diagnostic 44 O 0 1.0 1.0 0.0
diagnostic 44 O 50 1.0 1.0 1.0
diagnostic 44 O 100 1.0 1.0 1.0
diagnostic 44 O 150 1.0 1.0 1.0
diagnostic 44 O 200 0.8546875 1.0 1.0
cached 44 confirm_iid P 160 old 160
cached 44 confirm_template_ood P 160 old 115
confirmation 44 P iid 8480
confirmation 44 P template_ood 8480
confirmation 44 N iid 8480
confirmation 44 N template_ood 8480
confirmation 44 F iid 8480
confirmation 44 F template_ood 8480
confirmation 44 O iid 8480
confirmation 44 O template_ood 8480
G15 SEED COMPLETE 44
