cached 43 repair_train P 512 old 512
cached 43 repair_dev P 128 old 128
diagnostic 43 N 0 1.0 1.0 1.0
diagnostic 43 N 50 1.0 1.0 1.0
diagnostic 43 N 100 1.0 1.0 1.0
diagnostic 43 N 150 1.0 1.0 1.0
diagnostic 43 N 200 1.0 1.0 1.0
diagnostic 43 F 0 1.0 1.0 0.0
diagnostic 43 F 50 1.0 1.0 1.0
diagnostic 43 F 100 1.0 1.0 1.0
diagnostic 43 F 150 1.0 1.0 1.0
diagnostic 43 F 200 1.0 1.0 1.0
diagnostic 43 O 0 1.0 1.0 0.0
diagnostic 43 O 50 1.0 1.0 1.0
diagnostic 43 O 100 1.0 1.0 1.0
diagnostic 43 O 150 1.0 1.0 1.0
diagnostic 43 O 200 1.0 1.0 1.0
cached 43 confirm_iid P 160 old 160
cached 43 confirm_template_ood P 160 old 119
confirmation 43 P iid 8480
confirmation 43 P template_ood 8480
confirmation 43 N iid 8480
confirmation 43 N template_ood 8480
confirmation 43 F iid 8480
confirmation 43 F template_ood 8480
confirmation 43 O iid 8480
