Loading weights:   0%|          | 0/259 [00:00<?, ?it/s]Loading weights: 100%|██████████| 259/259 [00:00<00:00, 5603.83it/s]
G12 evaluated Original_s42_iid_000
G12 evaluated Original_s42_iid_016
G12 evaluated Original_s42_iid_032
G12 evaluated Original_s42_iid_048
G12 evaluated Original_s42_iid_064
G12 evaluated Original_s42_template_ood_000
G12 evaluated Original_s42_template_ood_016
G12 evaluated Original_s42_template_ood_032
G12 evaluated Original_s42_template_ood_048
G12 evaluated Original_s42_template_ood_064
G12 evaluated A_s42_iid_000
G12 evaluated A_s42_iid_016
G12 evaluated A_s42_iid_032
G12 evaluated A_s42_iid_048
G12 evaluated A_s42_iid_064
G12 evaluated A_s42_template_ood_000
G12 evaluated A_s42_template_ood_016
G12 evaluated A_s42_template_ood_032
G12 evaluated A_s42_template_ood_048
G12 evaluated A_s42_template_ood_064
G12 evaluated B_s42_iid_000
G12 evaluated B_s42_iid_016
G12 evaluated B_s42_iid_032
G12 evaluated B_s42_iid_048
G12 evaluated B_s42_iid_064
G12 evaluated B_s42_template_ood_000
G12 evaluated B_s42_template_ood_016
G12 evaluated B_s42_template_ood_032
G12 evaluated B_s42_template_ood_048
G12 evaluated B_s42_template_ood_064
G12 evaluated Original_s43_iid_000
G12 evaluated Original_s43_iid_016
G12 evaluated Original_s43_iid_032
G12 evaluated Original_s43_iid_048
G12 evaluated Original_s43_iid_064
G12 evaluated Original_s43_template_ood_000
G12 evaluated Original_s43_template_ood_016
G12 evaluated Original_s43_template_ood_032
G12 evaluated Original_s43_template_ood_048
G12 evaluated Original_s43_template_ood_064
G12 evaluated A_s43_iid_000
G12 evaluated A_s43_iid_016
G12 evaluated A_s43_iid_032
G12 evaluated A_s43_iid_048
G12 evaluated A_s43_iid_064
G12 evaluated A_s43_template_ood_000
G12 evaluated A_s43_template_ood_016
G12 evaluated A_s43_template_ood_032
G12 evaluated A_s43_template_ood_048
G12 evaluated A_s43_template_ood_064
G12 evaluated B_s43_iid_000
G12 evaluated B_s43_iid_016
G12 evaluated B_s43_iid_032
G12 evaluated B_s43_iid_048
G12 evaluated B_s43_iid_064
G12 evaluated B_s43_template_ood_000
G12 evaluated B_s43_template_ood_016
G12 evaluated B_s43_template_ood_032
G12 evaluated B_s43_template_ood_048
G12 evaluated B_s43_template_ood_064
G12 evaluated Original_s44_iid_000
G12 evaluated Original_s44_iid_016
G12 evaluated Original_s44_iid_032
G12 evaluated Original_s44_iid_048
G12 evaluated Original_s44_iid_064
G12 evaluated Original_s44_template_ood_000
G12 evaluated Original_s44_template_ood_016
G12 evaluated Original_s44_template_ood_032
G12 evaluated Original_s44_template_ood_048
G12 evaluated Original_s44_template_ood_064
G12 evaluated A_s44_iid_000
G12 evaluated A_s44_iid_016
G12 evaluated A_s44_iid_032
G12 evaluated A_s44_iid_048
G12 evaluated A_s44_iid_064
G12 evaluated A_s44_template_ood_000
G12 evaluated A_s44_template_ood_016
G12 evaluated A_s44_template_ood_032
G12 evaluated A_s44_template_ood_048
G12 evaluated A_s44_template_ood_064
G12 evaluated B_s44_iid_000
G12 evaluated B_s44_iid_016
G12 evaluated B_s44_iid_032
G12 evaluated B_s44_iid_048
G12 evaluated B_s44_iid_064
G12 evaluated B_s44_template_ood_000
G12 evaluated B_s44_template_ood_016
G12 evaluated B_s44_template_ood_032
G12 evaluated B_s44_template_ood_048
G12 evaluated B_s44_template_ood_064
