P step=20/600 loss=0.1774
P step=40/600 loss=0.0388
P step=60/600 loss=0.0009
P step=80/600 loss=0.0004
P step=100/600 loss=0.0001
P step=120/600 loss=0.0000
P step=140/600 loss=0.0000
P step=160/600 loss=0.0000
P step=180/600 loss=0.0000
P step=200/600 loss=0.0000
P step=220/600 loss=0.0000
P step=240/600 loss=0.0000
P step=260/600 loss=0.0000
P step=280/600 loss=0.0000
P step=300/600 loss=0.0000
P step=320/600 loss=0.0000
P step=340/600 loss=0.0000
P step=360/600 loss=0.0000
P step=380/600 loss=0.0000
P step=400/600 loss=0.0000
P step=420/600 loss=0.0000
P step=440/600 loss=0.0000
P step=460/600 loss=0.0000
P step=480/600 loss=0.0000
P step=500/600 loss=0.0000
P step=520/600 loss=0.0000
P step=540/600 loss=0.0000
P step=560/600 loss=0.0000
P step=580/600 loss=0.0000
P step=600/600 loss=0.0000
U step=20/600 loss=0.1982
U step=40/600 loss=0.0375
U step=60/600 loss=0.0037
U step=80/600 loss=0.0004
U step=100/600 loss=0.0001
U step=120/600 loss=0.0002
U step=140/600 loss=0.0000
U step=160/600 loss=0.0000
U step=180/600 loss=0.0000
U step=200/600 loss=0.0000
U step=220/600 loss=0.0000
U step=240/600 loss=0.0000
U step=260/600 loss=0.0000
U step=280/600 loss=0.0000
U step=300/600 loss=0.0000
U step=320/600 loss=0.0000
U step=340/600 loss=0.0000
U step=360/600 loss=0.0000
U step=380/600 loss=0.0000
U step=400/600 loss=0.0000
U step=420/600 loss=0.0000
U step=440/600 loss=0.0000
U step=460/600 loss=0.0000
U step=480/600 loss=0.0000
U step=500/600 loss=0.0000
U step=520/600 loss=0.0000
U step=540/600 loss=0.0000
U step=560/600 loss=0.0000
U step=580/600 loss=0.0000
U step=600/600 loss=0.0000
N_h0 step=20/200 loss=0.0017
N_h0 step=40/200 loss=0.0006
N_h0 step=60/200 loss=0.0001
N_h0 step=80/200 loss=0.0000
N_h0 step=100/200 loss=0.0000
N_h0 step=120/200 loss=0.0000
N_h0 step=140/200 loss=0.0000
N_h0 step=160/200 loss=0.0000
N_h0 step=180/200 loss=0.0000
N_h0 step=200/200 loss=0.0000
S_h0 step=20/200 loss=0.0004
S_h0 step=40/200 loss=0.0007
S_h0 step=60/200 loss=0.0002
S_h0 step=80/200 loss=0.0002
S_h0 step=100/200 loss=0.0000
S_h0 step=120/200 loss=0.0000
S_h0 step=140/200 loss=0.0000
S_h0 step=160/200 loss=0.0000
S_h0 step=180/200 loss=0.0000
S_h0 step=200/200 loss=0.0000
M_h0 step=20/200 loss=0.0231
M_h0 step=40/200 loss=0.0095
M_h0 step=60/200 loss=0.0011
M_h0 step=80/200 loss=0.0003
M_h0 step=100/200 loss=0.0001
M_h0 step=120/200 loss=0.0001
M_h0 step=140/200 loss=0.0000
M_h0 step=160/200 loss=0.0000
M_h0 step=180/200 loss=0.0000
M_h0 step=200/200 loss=0.0000
N_h1 step=20/200 loss=0.0000
N_h1 step=40/200 loss=0.0000
N_h1 step=60/200 loss=0.0003
N_h1 step=80/200 loss=0.0001
N_h1 step=100/200 loss=0.0000
N_h1 step=120/200 loss=0.0000
N_h1 step=140/200 loss=0.0000
N_h1 step=160/200 loss=0.0000
N_h1 step=180/200 loss=0.0000
N_h1 step=200/200 loss=0.0000
S_h1 step=20/200 loss=0.0007
S_h1 step=40/200 loss=0.0001
S_h1 step=60/200 loss=0.0001
S_h1 step=80/200 loss=0.0001
S_h1 step=100/200 loss=0.0000
S_h1 step=120/200 loss=0.0000
S_h1 step=140/200 loss=0.0000
S_h1 step=160/200 loss=0.0000
S_h1 step=180/200 loss=0.0000
S_h1 step=200/200 loss=0.0000
M_h1 step=20/200 loss=0.0090
M_h1 step=40/200 loss=0.0002
M_h1 step=60/200 loss=0.0003
M_h1 step=80/200 loss=0.0001
M_h1 step=100/200 loss=0.0001
M_h1 step=120/200 loss=0.0000
M_h1 step=140/200 loss=0.0000
M_h1 step=160/200 loss=0.0000
M_h1 step=180/200 loss=0.0000
M_h1 step=200/200 loss=0.0000
